[sandeep.rishuadsbyshivank.site/tg/index.html]
[backblue.gif]
[fade.gif]
[index.html]
[sandeep.rishuadsbyshivank.site/wp-content/plugins/elementor/assets/css/frontend.minf34d.css]
[sandeep.rishuadsbyshivank.site/wp-content/uploads/elementor/css/post-8a49b.css]
[sandeep.rishuadsbyshivank.site/wp-content/plugins/elementor/assets/lib/swiper/v8/css/swiper.min94a4.css]
[sandeep.rishuadsbyshivank.site/wp-content/plugins/elementor/assets/css/conditionals/e-swiper.minf34d.css]
[sandeep.rishuadsbyshivank.site/wp-content/plugins/elementor/assets/css/widget-heading.minf34d.css]
[sandeep.rishuadsbyshivank.site/wp-content/plugins/elementor/assets/css/widget-text-editor.minf34d.css]
[sandeep.rishuadsbyshivank.site/wp-content/plugins/elementor/assets/css/widget-star-rating.minf34d.css]
[sandeep.rishuadsbyshivank.site/wp-content/plugins/pro-elements/assets/css/widget-carousel.min57a7.css]
[sandeep.rishuadsbyshivank.site/wp-content/plugins/pro-elements/assets/css/widget-nested-carousel.min57a7.css]
[sandeep.rishuadsbyshivank.site/wp-content/themes/twentytwentyfive/style5152.css]
[sandeep.rishuadsbyshivank.site/wp-content/uploads/elementor/css/post-66622.css]
[sandeep.rishuadsbyshivank.site/wp-content/plugins/pro-elements/assets/css/frontend.min57a7.css]
[sandeep.rishuadsbyshivank.site/wp-content/uploads/2024/11/sandeep-1.jpg]
[sandeep.rishuadsbyshivank.site/wp-content/uploads/2024/11/BAnner-3.jpg]
[sandeep.rishuadsbyshivank.site/wp-content/uploads/2024/11/BAnner-1.jpg]
[sandeep.rishuadsbyshivank.site/wp-content/uploads/2024/11/5.jpg]
[sandeep.rishuadsbyshivank.site/wp-content/uploads/2024/11/4.jpg]
[sandeep.rishuadsbyshivank.site/wp-content/uploads/2024/11/3-480x1024.jpg]
[sandeep.rishuadsbyshivank.site/wp-content/uploads/2024/11/2.jpg]
[sandeep.rishuadsbyshivank.site/wp-content/uploads/2024/11/1.jpg]
[sandeep.rishuadsbyshivank.site/wp-content/plugins/elementor/assets/images/placeholder.png]
[sandeep.rishuadsbyshivank.site/wp-includes/js/imagesloaded.minbb93.js]
[sandeep.rishuadsbyshivank.site/wp-content/plugins/pro-elements/assets/js/webpack-pro.runtime.min57a7.js]
[sandeep.rishuadsbyshivank.site/wp-content/plugins/elementor/assets/js/webpack.runtime.minf34d.js]
[sandeep.rishuadsbyshivank.site/wp-includes/js/jquery/jquery.minf43b.js]
[sandeep.rishuadsbyshivank.site/wp-includes/js/jquery/jquery-migrate.min5589.js]
[sandeep.rishuadsbyshivank.site/wp-content/plugins/elementor/assets/js/frontend-modules.minf34d.js]
[sandeep.rishuadsbyshivank.site/wp-includes/js/dist/hooks.min4fdd.js]
[sandeep.rishuadsbyshivank.site/wp-includes/js/dist/i18n.minc33c.js]
[sandeep.rishuadsbyshivank.site/wp-content/plugins/pro-elements/assets/js/frontend.min57a7.js]
[sandeep.rishuadsbyshivank.site/wp-includes/js/jquery/ui/core.minb37e.js]
[sandeep.rishuadsbyshivank.site/wp-content/plugins/elementor/assets/js/frontend.minf34d.js]
[sandeep.rishuadsbyshivank.site/wp-content/plugins/pro-elements/assets/js/elements-handlers.min57a7.js]
[sandeep.rishuadsbyshivank.site/tg/index.html]
[sandeep.rishuadsbyshivank.site/wp-content/plugins/elementor/assets/css/frontend.minf34d.css]
[sandeep.rishuadsbyshivank.site/wp-content/uploads/elementor/css/post-8a49b.css]
[sandeep.rishuadsbyshivank.site/wp-content/plugins/elementor/assets/lib/swiper/v8/css/swiper.min94a4.css]
[sandeep.rishuadsbyshivank.site/wp-content/plugins/elementor/assets/css/conditionals/e-swiper.minf34d.css]
[sandeep.rishuadsbyshivank.site/wp-content/plugins/elementor/assets/css/widget-heading.minf34d.css]
[sandeep.rishuadsbyshivank.site/wp-content/plugins/elementor/assets/css/widget-image.minf34d.css]
[sandeep.rishuadsbyshivank.site/wp-content/plugins/elementor/assets/css/widget-text-editor.minf34d.css]
[sandeep.rishuadsbyshivank.site/wp-content/plugins/elementor/assets/css/widget-star-rating.minf34d.css]
[sandeep.rishuadsbyshivank.site/wp-content/plugins/pro-elements/assets/css/widget-carousel.min57a7.css]
[sandeep.rishuadsbyshivank.site/wp-content/plugins/pro-elements/assets/css/widget-nested-carousel.min57a7.css]
[sandeep.rishuadsbyshivank.site/wp-content/themes/twentytwentyfive/style5152.css]
[sandeep.rishuadsbyshivank.site/wp-content/uploads/elementor/css/post-66622.css]
[sandeep.rishuadsbyshivank.site/wp-content/plugins/pro-elements/assets/css/frontend.min57a7.css]
[sandeep.rishuadsbyshivank.site/wp-includes/js/imagesloaded.minbb93.js]
[sandeep.rishuadsbyshivank.site/wp-content/plugins/pro-elements/assets/js/webpack-pro.runtime.min57a7.js]
[sandeep.rishuadsbyshivank.site/wp-content/plugins/elementor/assets/js/webpack.runtime.minf34d.js]
[sandeep.rishuadsbyshivank.site/wp-includes/js/jquery/jquery.minf43b.js]
[sandeep.rishuadsbyshivank.site/wp-includes/js/jquery/jquery-migrate.min5589.js]
[sandeep.rishuadsbyshivank.site/wp-content/plugins/elementor/assets/js/frontend-modules.minf34d.js]
[sandeep.rishuadsbyshivank.site/wp-includes/js/dist/hooks.min4fdd.js]
[sandeep.rishuadsbyshivank.site/wp-includes/js/dist/i18n.minc33c.js]
[sandeep.rishuadsbyshivank.site/wp-content/plugins/pro-elements/assets/js/frontend.min57a7.js]
[sandeep.rishuadsbyshivank.site/wp-includes/js/jquery/ui/core.minb37e.js]
[sandeep.rishuadsbyshivank.site/tg/-negative.svg]
[sandeep.rishuadsbyshivank.site/wp-content/plugins/elementor/assets/js/frontend.minf34d.js]
[sandeep.rishuadsbyshivank.site/tg/OPR/index.html]
[sandeep.rishuadsbyshivank.site/tg/window.location.23.delayed]
[sandeep.rishuadsbyshivank.site/wp-content/plugins/pro-elements/assets/js/elements-handlers.min57a7.js]
[sandeep.rishuadsbyshivank.site/tg/-negative.html]
[sandeep.rishuadsbyshivank.site/tg/OPR/index.html]
[sandeep.rishuadsbyshivank.site/tg/window.location.html]
